// Jest Snapshot v1, https://goo.gl/fbAQLP

exports[`BackgroundContainer should render image with src passed by props 1`] = `
<StyledComponent
  forwardedComponent={
    Object {
      "$$typeof": Symbol(react.forward_ref),
      "attrs": Array [],
      "componentStyle": ComponentStyle {
        "componentId": "sc-bwzfXH",
        "isStatic": false,
        "rules": Array [
          "
  position: absolute;
  top: 0;
  left: 0;
  width: 100vw;
  height: 100vh;
  background-image: url(",
          [Function],
          ");
  background-size: cover;
  z-index: 0;
",
        ],
      },
      "displayName": "styled.div",
      "foldedComponentIds": Array [],
      "render": [Function],
      "styledComponentId": "sc-bwzfXH",
      "target": "div",
      "toString": [Function],
      "warnTooManyClasses": [Function],
      "withComponent": [Function],
    }
  }
  forwardedRef={null}
  url="/some/path"
/>
`;
