// Jest Snapshot v1, https://goo.gl/fbAQLP

exports[`Logout Should render button with event listener 1`] = `
<Button
  active={false}
  disabled={false}
  onClick={
    [MockFunction] {
      "calls": Array [
        Array [],
      ],
      "results": Array [
        Object {
          "type": "return",
          "value": undefined,
        },
      ],
    }
  }
  type="button"
  variant="danger"
>
  Logout
</Button>
`;
